[pinboard] fetched 3 new items
[papers] fetched 1 new items
[github] error: stars.map is not a function. (In 'stars.map(({ starred_at, repo }) => {
      if (!latestStarred || starred_at > latestStarred)
        latestStarred = starred_at;
      const content = [
        repo.description ?? "",
        repo.language ? `Language: ${repo.language}` : "",
        repo.topics.length ? `Topics: ${repo.topics.join(", ")}` : "",
        `Stars: ${repo.stargazers_count}`
      ].filter(Boolean).join(`
`);
      return {
        source: this.source,
        sourceId: String(repo.id),
        title: repo.full_name,
        url: repo.html_url,
        content,
        savedAt: starred_at
      };
    })', 'stars.map' is undefined)
[email] error: gog gmail search failed (exit 1): Get "https://gmail.googleapis.com/gmail/v1/users/me/messages?alt=json&fields=messages%28id%2CthreadId%29%2CnextPageToken&maxResults=50&prettyPrint=false&q=label%3ANewsletters+after%3A2026-08-02": round trip: base token source: oauth2: "invalid_grant" "Token has been expired or revoked."

Ingestion complete: 4 new items
