2026-02-16T03:30:53Z	Edit	failure	/test.ts
2026-02-16T03:30:53Z	Write	success	/var/folders/30/rgkwpbzx2jgffphp6js07r9h0000gn/T/tmp.6uKEZ5mmpq/src/utils/helper.ts
2026-02-16T03:30:53Z	Write	success	/var/folders/30/rgkwpbzx2jgffphp6js07r9h0000gn/T/tmp.J42izcxAsb/src/node_modules/pkg/index.js
2026-02-16T03:30:53Z	Write	success	/var/folders/30/rgkwpbzx2jgffphp6js07r9h0000gn/T/tmp.5TEtNdPl9G/src/utils/file5.ts
2026-02-16T03:31:54Z	Edit	failure	/test.ts
2026-02-16T03:31:54Z	Write	success	/var/folders/30/rgkwpbzx2jgffphp6js07r9h0000gn/T/tmp.4ZJ1y6tTV5/src/utils/helper.ts
2026-02-16T03:31:55Z	Write	success	/var/folders/30/rgkwpbzx2jgffphp6js07r9h0000gn/T/tmp.jgPsI5WAAJ/src/node_modules/pkg/index.js
2026-02-16T03:31:55Z	Write	success	/var/folders/30/rgkwpbzx2jgffphp6js07r9h0000gn/T/tmp.KQNz6HTNXA/src/utils/file5.ts
2026-02-16T07:02:16Z	Edit	failure	/test.ts
2026-02-16T07:02:17Z	Write	success	/var/folders/30/rgkwpbzx2jgffphp6js07r9h0000gn/T/tmp.ldUNk2nhId/src/utils/helper.ts
2026-02-16T07:02:17Z	Write	success	/var/folders/30/rgkwpbzx2jgffphp6js07r9h0000gn/T/tmp.n2WjvwCPGk/src/node_modules/pkg/index.js
2026-02-16T07:02:17Z	Write	success	/var/folders/30/rgkwpbzx2jgffphp6js07r9h0000gn/T/tmp.hpgfWOHv8a/src/utils/file5.ts
2026-02-16T07:03:59Z	Edit	failure	/test.ts
2026-02-16T07:04:00Z	Write	success	/var/folders/30/rgkwpbzx2jgffphp6js07r9h0000gn/T/tmp.WY6ETgSROq/src/utils/helper.ts
2026-02-16T07:04:00Z	Write	success	/var/folders/30/rgkwpbzx2jgffphp6js07r9h0000gn/T/tmp.u6sIljU2ns/src/node_modules/pkg/index.js
2026-02-16T07:04:00Z	Write	success	/var/folders/30/rgkwpbzx2jgffphp6js07r9h0000gn/T/tmp.9CKHdHmTox/src/utils/file5.ts
2026-02-16T07:12:25Z	Edit	failure	/test.ts
2026-02-16T07:12:26Z	Write	success	/var/folders/30/rgkwpbzx2jgffphp6js07r9h0000gn/T/tmp.w9rG0JkvJ4/src/utils/helper.ts
2026-02-16T07:12:26Z	Write	success	/var/folders/30/rgkwpbzx2jgffphp6js07r9h0000gn/T/tmp.q6jBc4diSN/src/node_modules/pkg/index.js
2026-02-16T07:12:26Z	Write	success	/var/folders/30/rgkwpbzx2jgffphp6js07r9h0000gn/T/tmp.mL9w4fOhrU/src/utils/file5.ts
2026-02-19T04:26:49Z	Edit	failure	/test.ts
2026-02-19T04:26:50Z	Write	success	/var/folders/30/rgkwpbzx2jgffphp6js07r9h0000gn/T/tmp.ke2Tm1VruB/src/utils/helper.ts
2026-02-19T04:26:50Z	Write	success	/var/folders/30/rgkwpbzx2jgffphp6js07r9h0000gn/T/tmp.7jvp1Qg2M3/src/node_modules/pkg/index.js
2026-02-19T04:26:50Z	Write	success	/var/folders/30/rgkwpbzx2jgffphp6js07r9h0000gn/T/tmp.meE60BMRvk/src/utils/file5.ts
2026-02-19T04:28:22Z	Edit	failure	/test.ts
2026-02-19T04:28:22Z	Write	success	/var/folders/30/rgkwpbzx2jgffphp6js07r9h0000gn/T/tmp.ozvkp1Faep/src/utils/helper.ts
2026-02-19T04:28:22Z	Write	success	/var/folders/30/rgkwpbzx2jgffphp6js07r9h0000gn/T/tmp.R7zhqqV8W7/src/node_modules/pkg/index.js
2026-02-19T04:28:22Z	Write	success	/var/folders/30/rgkwpbzx2jgffphp6js07r9h0000gn/T/tmp.zo2M5iZRrd/src/utils/file5.ts
2026-02-19T04:33:25Z	Edit	failure	/test.ts
2026-02-19T04:33:25Z	Write	success	/var/folders/30/rgkwpbzx2jgffphp6js07r9h0000gn/T/tmp.Nc23YiwR8O/src/utils/helper.ts
2026-02-19T04:33:26Z	Write	success	/var/folders/30/rgkwpbzx2jgffphp6js07r9h0000gn/T/tmp.U66f8WZK3i/src/node_modules/pkg/index.js
2026-02-19T04:33:26Z	Write	success	/var/folders/30/rgkwpbzx2jgffphp6js07r9h0000gn/T/tmp.cxVcE15Kin/src/utils/file5.ts
2026-02-19T04:35:15Z	Edit	failure	/test.ts
2026-02-19T04:35:15Z	Write	success	/var/folders/30/rgkwpbzx2jgffphp6js07r9h0000gn/T/tmp.UXYOHhBK7s/src/utils/helper.ts
2026-02-19T04:35:15Z	Write	success	/var/folders/30/rgkwpbzx2jgffphp6js07r9h0000gn/T/tmp.w2eNZdaVjb/src/node_modules/pkg/index.js
2026-02-19T04:35:15Z	Write	success	/var/folders/30/rgkwpbzx2jgffphp6js07r9h0000gn/T/tmp.MsPozEfkLU/src/utils/file5.ts
2026-02-19T04:48:38Z	Edit	failure	/test.ts
2026-02-19T04:48:38Z	Write	success	/var/folders/30/rgkwpbzx2jgffphp6js07r9h0000gn/T/tmp.z882HZbMZ4/src/utils/helper.ts
2026-02-19T04:48:38Z	Write	success	/var/folders/30/rgkwpbzx2jgffphp6js07r9h0000gn/T/tmp.Q7azwn7vCR/src/node_modules/pkg/index.js
2026-02-19T04:48:38Z	Write	success	/var/folders/30/rgkwpbzx2jgffphp6js07r9h0000gn/T/tmp.aw7uq8wKhv/src/utils/file5.ts
